###############################################################################
#
# IAR ELF Linker V8.40.1.212/W32 for ARM                  02/Jan/2021  08:50:53
# Copyright 2007-2019 IAR Systems AB.
#
#    Output file  =
#        C:\Users\CanchezAK\Documents\IAR Embedded Workbench\Home
#        Control\EWARM\Home Control\Exe\Home Control.out
#    Map file     =
#        C:\Users\CanchezAK\Documents\IAR Embedded Workbench\Home
#        Control\EWARM\Home Control\List\Home Control.map
#    Command line =
#        -f C:\Users\CANCHE~1\AppData\Local\Temp\EW1D13.tmp
#        ("C:\Users\CanchezAK\Documents\IAR Embedded Workbench\Home
#        Control\EWARM\Home Control\Obj\lcd.o"
#        "C:\Users\CanchezAK\Documents\IAR Embedded Workbench\Home
#        Control\EWARM\Home Control\Obj\main.o"
#        "C:\Users\CanchezAK\Documents\IAR Embedded Workbench\Home
#        Control\EWARM\Home Control\Obj\startup_stm32f103xb.o"
#        "C:\Users\CanchezAK\Documents\IAR Embedded Workbench\Home
#        Control\EWARM\Home Control\Obj\stm32f1xx_hal.o"
#        "C:\Users\CanchezAK\Documents\IAR Embedded Workbench\Home
#        Control\EWARM\Home Control\Obj\stm32f1xx_hal_cortex.o"
#        "C:\Users\CanchezAK\Documents\IAR Embedded Workbench\Home
#        Control\EWARM\Home Control\Obj\stm32f1xx_hal_dma.o"
#        "C:\Users\CanchezAK\Documents\IAR Embedded Workbench\Home
#        Control\EWARM\Home Control\Obj\stm32f1xx_hal_exti.o"
#        "C:\Users\CanchezAK\Documents\IAR Embedded Workbench\Home
#        Control\EWARM\Home Control\Obj\stm32f1xx_hal_flash.o"
#        "C:\Users\CanchezAK\Documents\IAR Embedded Workbench\Home
#        Control\EWARM\Home Control\Obj\stm32f1xx_hal_flash_ex.o"
#        "C:\Users\CanchezAK\Documents\IAR Embedded Workbench\Home
#        Control\EWARM\Home Control\Obj\stm32f1xx_hal_gpio.o"
#        "C:\Users\CanchezAK\Documents\IAR Embedded Workbench\Home
#        Control\EWARM\Home Control\Obj\stm32f1xx_hal_gpio_ex.o"
#        "C:\Users\CanchezAK\Documents\IAR Embedded Workbench\Home
#        Control\EWARM\Home Control\Obj\stm32f1xx_hal_msp.o"
#        "C:\Users\CanchezAK\Documents\IAR Embedded Workbench\Home
#        Control\EWARM\Home Control\Obj\stm32f1xx_hal_pwr.o"
#        "C:\Users\CanchezAK\Documents\IAR Embedded Workbench\Home
#        Control\EWARM\Home Control\Obj\stm32f1xx_hal_rcc.o"
#        "C:\Users\CanchezAK\Documents\IAR Embedded Workbench\Home
#        Control\EWARM\Home Control\Obj\stm32f1xx_hal_rcc_ex.o"
#        "C:\Users\CanchezAK\Documents\IAR Embedded Workbench\Home
#        Control\EWARM\Home Control\Obj\stm32f1xx_hal_tim.o"
#        "C:\Users\CanchezAK\Documents\IAR Embedded Workbench\Home
#        Control\EWARM\Home Control\Obj\stm32f1xx_hal_tim_ex.o"
#        "C:\Users\CanchezAK\Documents\IAR Embedded Workbench\Home
#        Control\EWARM\Home Control\Obj\stm32f1xx_hal_uart.o"
#        "C:\Users\CanchezAK\Documents\IAR Embedded Workbench\Home
#        Control\EWARM\Home Control\Obj\stm32f1xx_it.o"
#        "C:\Users\CanchezAK\Documents\IAR Embedded Workbench\Home
#        Control\EWARM\Home Control\Obj\system_stm32f1xx.o" --redirect
#        _Printf=_PrintfFull --redirect _Scanf=_ScanfFull --no_out_extension -o
#        "C:\Users\CanchezAK\Documents\IAR Embedded Workbench\Home
#        Control\EWARM\Home Control\Exe\Home Control.out" --map
#        "C:\Users\CanchezAK\Documents\IAR Embedded Workbench\Home
#        Control\EWARM\Home Control\List\Home Control.map" --config
#        "C:\Users\CanchezAK\Documents\IAR Embedded Workbench\Home
#        Control\EWARM/stm32f103xb_flash.icf" --semihosting --entry
#        __iar_program_start --vfe --text_out locale)
#
###############################################################################

*******************************************************************************
*** RUNTIME MODEL ATTRIBUTES
***

CppFlavor       = *
__SystemLibrary = DLib
__dlib_version  = 6


*******************************************************************************
*** HEAP SELECTION
***

The basic heap was selected because no calls to memory allocation
functions were found in the application outside of system library
functions, and there are calls to deallocation functions in the
application.


*******************************************************************************
*** PLACEMENT SUMMARY
***

"A0":  place at address 0x800'0000 { ro section .intvec };
"P1":  place in [from 0x800'0000 to 0x801'ffff] { ro };
define block CSTACK with size = 1K, alignment = 8 { };
define block HEAP with size = 512, alignment = 8 { };
"P2":  place in [from 0x2000'0000 to 0x2000'4fff] {
          rw, block CSTACK, block HEAP };
initialize by copy { rw };

  Section            Kind         Address    Size  Object
  -------            ----         -------    ----  ------
"A0":                                        0xec
  .intvec            ro code   0x800'0000    0xec  startup_stm32f103xb.o [1]
                             - 0x800'00ec    0xec

"P1":                                      0x1ec4
  .text              ro code   0x800'00ec   0x6b4  main.o [1]
  .text              ro code   0x800'07a0   0x180  lcd.o [1]
  .text              ro code   0x800'0920    0x18  ABImemcpy_small.o [3]
  .text              ro code   0x800'0938    0x24  stm32f1xx_hal.o [1]
  .text              ro code   0x800'095c   0x1c8  stm32f1xx_hal_gpio.o [1]
  .text              ro code   0x800'0b24   0x30c  stm32f1xx_hal_uart.o [1]
  .text              ro code   0x800'0e30   0x364  stm32f1xx_hal_tim.o [1]
  .text              ro code   0x800'1194    0x3e  stm32f1xx_hal_tim_ex.o [1]
  .text              ro code   0x800'11d2    0x3a  zero_init3.o [3]
  .text              ro code   0x800'120c    0x28  stm32f1xx_hal.o [1]
  .text              ro code   0x800'1234    0x14  memset.o [3]
  .text              ro code   0x800'1248   0x4e4  stm32f1xx_hal_rcc.o [1]
  .text              ro code   0x800'172c    0xc4  stm32f1xx_hal_cortex.o [1]
  .text              ro code   0x800'17f0    0x40  stm32f1xx_hal.o [1]
  .text              ro code   0x800'1830   0x12c  stm32f1xx_hal_msp.o [1]
  .text              ro code   0x800'195c    0xbc  stm32f1xx_hal_dma.o [1]
  .text              ro code   0x800'1a18     0x2  stm32f1xx_hal_uart.o [1]
  .text              ro code   0x800'1a1a     0x2  stm32f1xx_hal_uart.o [1]
  .text              ro code   0x800'1a1c     0x2  stm32f1xx_hal_tim.o [1]
  .text              ro code   0x800'1a1e     0x2  stm32f1xx_hal_tim.o [1]
  .text              ro code   0x800'1a20     0x2  stm32f1xx_hal_tim.o [1]
  .text              ro code   0x800'1a22     0x2  stm32f1xx_hal_tim_ex.o [1]
  .text              ro code   0x800'1a24     0x2  stm32f1xx_hal_tim.o [1]
  .text              ro code   0x800'1a26     0x2  stm32f1xx_hal_tim_ex.o [1]
  .text              ro code   0x800'1a28     0x2  stm32f1xx_hal_tim.o [1]
  .text              ro code   0x800'1a2c     0xc  stm32f1xx_hal.o [1]
  .text              ro code   0x800'1a38    0x66  ABImemset.o [3]
  .text              ro code   0x800'1aa0   0x304  stm32f1xx_it.o [1]
  .text              ro code   0x800'1da4    0x10  stm32f1xx_hal.o [1]
  .text              ro code   0x800'1db4    0x5c  system_stm32f1xx.o [1]
  .text              ro code   0x800'1e10    0x38  packbits_init_single.o [3]
  .text              ro code   0x800'1e48    0x28  data_init.o [3]
  .iar.init_table    const     0x800'1e70    0x20  - Linker created -
  .text              ro code   0x800'1e90    0x1e  cmain.o [3]
  .text              ro code   0x800'1eae     0x4  low_level_init.o [2]
  .text              ro code   0x800'1eb2     0x4  exit.o [2]
  .text              ro code   0x800'1eb8     0xa  cexit.o [3]
  .text              ro code   0x800'1ec4    0x14  exit.o [4]
  .text              ro code   0x800'1ed8    0x10  startup_stm32f103xb.o [1]
  .text              ro code   0x800'1ee8     0xc  cstartup_M.o [3]
  .rodata            const     0x800'1ef4     0x8  system_stm32f1xx.o [1]
  .text              ro code   0x800'1efc     0x4  startup_stm32f103xb.o [1]
  .text              ro code   0x800'1f00     0x4  startup_stm32f103xb.o [1]
  .text              ro code   0x800'1f04     0x4  startup_stm32f103xb.o [1]
  .text              ro code   0x800'1f08     0x4  startup_stm32f103xb.o [1]
  .text              ro code   0x800'1f0c     0x4  startup_stm32f103xb.o [1]
  .text              ro code   0x800'1f10     0x4  startup_stm32f103xb.o [1]
  .text              ro code   0x800'1f14     0x4  startup_stm32f103xb.o [1]
  .text              ro code   0x800'1f18     0x4  startup_stm32f103xb.o [1]
  .text              ro code   0x800'1f1c     0x4  startup_stm32f103xb.o [1]
  .text              ro code   0x800'1f20     0x4  startup_stm32f103xb.o [1]
  .text              ro code   0x800'1f24     0x4  startup_stm32f103xb.o [1]
  .text              ro code   0x800'1f28     0x4  startup_stm32f103xb.o [1]
  .text              ro code   0x800'1f2c     0x4  startup_stm32f103xb.o [1]
  .text              ro code   0x800'1f30     0x4  startup_stm32f103xb.o [1]
  .text              ro code   0x800'1f34     0x4  startup_stm32f103xb.o [1]
  .text              ro code   0x800'1f38     0x4  startup_stm32f103xb.o [1]
  .text              ro code   0x800'1f3c     0x4  startup_stm32f103xb.o [1]
  .text              ro code   0x800'1f40     0x4  startup_stm32f103xb.o [1]
  .text              ro code   0x800'1f44     0x4  startup_stm32f103xb.o [1]
  .text              ro code   0x800'1f48     0x4  startup_stm32f103xb.o [1]
  .text              ro code   0x800'1f4c     0x4  startup_stm32f103xb.o [1]
  .text              ro code   0x800'1f50     0x4  startup_stm32f103xb.o [1]
  .text              ro code   0x800'1f54     0x4  startup_stm32f103xb.o [1]
  .text              ro code   0x800'1f58     0x4  startup_stm32f103xb.o [1]
  .text              ro code   0x800'1f5c     0x4  startup_stm32f103xb.o [1]
  .text              ro code   0x800'1f60     0x4  startup_stm32f103xb.o [1]
  .text              ro code   0x800'1f64     0x4  startup_stm32f103xb.o [1]
  .text              ro code   0x800'1f68     0x4  startup_stm32f103xb.o [1]
  .text              ro code   0x800'1f6c     0x4  startup_stm32f103xb.o [1]
  .text              ro code   0x800'1f70     0x4  startup_stm32f103xb.o [1]
  .text              ro code   0x800'1f74     0x4  startup_stm32f103xb.o [1]
  .text              ro code   0x800'1f78     0x4  startup_stm32f103xb.o [1]
  .text              ro code   0x800'1f7c     0x4  startup_stm32f103xb.o [1]
  .text              ro code   0x800'1f80     0x4  startup_stm32f103xb.o [1]
  .text              ro code   0x800'1f84     0x4  startup_stm32f103xb.o [1]
  .text              ro code   0x800'1f88     0x4  startup_stm32f103xb.o [1]
  .text              ro code   0x800'1f8c     0x4  startup_stm32f103xb.o [1]
  .text              ro code   0x800'1f90     0x4  startup_stm32f103xb.o [1]
  .text              ro code   0x800'1f94     0x4  startup_stm32f103xb.o [1]
  .text              ro code   0x800'1f98     0x4  startup_stm32f103xb.o [1]
  .rodata            const     0x800'1f9c     0x0  zero_init3.o [3]
  .rodata            const     0x800'1f9c     0x0  packbits_init_single.o [3]
  Initializer bytes  const     0x800'1f9c    0x14  <for P2-1>
                             - 0x800'1fb0  0x1ec4

"P2", part 1 of 3:                           0x42
  P2-1                        0x2000'0000    0x42  <Init block>
    .data            inited   0x2000'0000     0xc  stm32f1xx_hal.o [1]
    .data            inited   0x2000'000c    0x18  stm32f1xx_it.o [1]
    .data            inited   0x2000'0024     0x4  system_stm32f1xx.o [1]
    .data            inited   0x2000'0028    0x1a  main.o [1]
                            - 0x2000'0042    0x42

"P2", part 2 of 3:                           0xc4
  .bss               zero     0x2000'0044    0xc0  main.o [1]
  .bss               zero     0x2000'0104     0x1  stm32f1xx_it.o [1]
                            - 0x2000'0105    0xc1

"P2", part 3 of 3:                          0x400
  CSTACK                      0x2000'0108   0x400  <Block>
    CSTACK           uninit   0x2000'0108   0x400  <Block tail>
                            - 0x2000'0508   0x400

Unused ranges:

         From           To      Size
         ----           --      ----
   0x800'1fb0   0x801'ffff  0x1'e050
  0x2000'0042  0x2000'0043       0x2
  0x2000'0508  0x2000'4fff    0x4af8


*******************************************************************************
*** INIT TABLE
***

          Address      Size
          -------      ----
Zero (__iar_zero_init3)
    1 destination range, total size 0xc1:
          0x2000'0044  0xc1

Copy/packbits (__iar_packbits_init_single3)
    1 source range, total size 0x14 (30% of destination):
           0x800'1f9c  0x14
    1 destination range, total size 0x42:
          0x2000'0000  0x42



*******************************************************************************
*** MODULE SUMMARY
***

    Module                  ro code  ro data  rw data
    ------                  -------  -------  -------
command line/config:
    -------------------------------------------------
    Total:

C:\Users\CanchezAK\Documents\IAR Embedded Workbench\Home Control\EWARM\Home Control\Obj: [1]
    lcd.o                       384
    main.o                    1'716        8      218
    startup_stm32f103xb.o       412
    stm32f1xx_hal.o             168        3       12
    stm32f1xx_hal_cortex.o      196
    stm32f1xx_hal_dma.o         188
    stm32f1xx_hal_gpio.o        456
    stm32f1xx_hal_msp.o         300
    stm32f1xx_hal_rcc.o       1'252
    stm32f1xx_hal_tim.o         878
    stm32f1xx_hal_tim_ex.o       66
    stm32f1xx_hal_uart.o        784
    stm32f1xx_it.o              772        7       25
    system_stm32f1xx.o           92       10        4
    -------------------------------------------------
    Total:                    7'664       28      259

dl7M_tln.a: [2]
    exit.o                        4
    low_level_init.o              4
    -------------------------------------------------
    Total:                        8

rt7M_tl.a: [3]
    ABImemcpy_small.o            24
    ABImemset.o                 102
    cexit.o                      10
    cmain.o                      30
    cstartup_M.o                 12
    data_init.o                  40
    memset.o                     20
    packbits_init_single.o       56
    zero_init3.o                 58
    -------------------------------------------------
    Total:                      352

shb_l.a: [4]
    exit.o                       20
    -------------------------------------------------
    Total:                       20

    Gaps                          8
    Linker created                        32    1'024
-----------------------------------------------------
    Grand Total:              8'052       60    1'283


*******************************************************************************
*** ENTRY LIST
***

Entry                       Address   Size  Type      Object
-----                       -------   ----  ----      ------
.iar.init_table$$Base    0x800'1e70          --   Gb  - Linker created -
.iar.init_table$$Limit   0x800'1e90          --   Gb  - Linker created -
?main                    0x800'1e91         Code  Gb  cmain.o [3]
AHBPrescTable            0x800'1e00   0x10  Data  Gb  system_stm32f1xx.o [1]
APBPrescTable            0x800'1ef4    0x8  Data  Gb  system_stm32f1xx.o [1]
BusFault_Handler         0x800'1aa9    0x2  Code  Gb  stm32f1xx_it.o [1]
CSTACK$$Base            0x2000'0108          --   Gb  - Linker created -
CSTACK$$Limit           0x2000'0508          --   Gb  - Linker created -
DebugMon_Handler         0x800'1aaf    0x2  Code  Gb  stm32f1xx_it.o [1]
HAL_DMA_Abort_IT         0x800'195d   0x94  Code  Gb  stm32f1xx_hal_dma.o [1]
HAL_Delay                0x800'120d   0x28  Code  Wk  stm32f1xx_hal.o [1]
HAL_GPIO_Init            0x800'095d  0x180  Code  Gb  stm32f1xx_hal_gpio.o [1]
HAL_GPIO_ReadPin         0x800'0add    0xc  Code  Gb  stm32f1xx_hal_gpio.o [1]
HAL_GPIO_WritePin        0x800'0ae9    0x8  Code  Gb  stm32f1xx_hal_gpio.o [1]
HAL_GetTick              0x800'1a2d    0xc  Code  Wk  stm32f1xx_hal.o [1]
HAL_IncTick              0x800'1da5   0x10  Code  Wk  stm32f1xx_hal.o [1]
HAL_Init                 0x800'0939   0x20  Code  Gb  stm32f1xx_hal.o [1]
HAL_InitTick             0x800'17f1   0x40  Code  Wk  stm32f1xx_hal.o [1]
HAL_MspInit              0x800'1831   0x3a  Code  Gb  stm32f1xx_hal_msp.o [1]
HAL_NVIC_EnableIRQ       0x800'179b   0x16  Code  Gb  stm32f1xx_hal_cortex.o [1]
HAL_NVIC_SetPriority     0x800'1761   0x3a  Code  Gb  stm32f1xx_hal_cortex.o [1]
HAL_NVIC_SetPriorityGrouping
                         0x800'1747   0x1a  Code  Gb  stm32f1xx_hal_cortex.o [1]
HAL_RCC_ClockConfig      0x800'155d   0xf4  Code  Gb  stm32f1xx_hal_rcc.o [1]
HAL_RCC_EnableCSS        0x800'1665    0x8  Code  Gb  stm32f1xx_hal_rcc.o [1]
HAL_RCC_GetPCLK1Freq     0x800'16a7   0x10  Code  Gb  stm32f1xx_hal_rcc.o [1]
HAL_RCC_GetPCLK2Freq     0x800'16b7    0xe  Code  Gb  stm32f1xx_hal_rcc.o [1]
HAL_RCC_GetSysClockFreq
                         0x800'166d   0x3a  Code  Gb  stm32f1xx_hal_rcc.o [1]
HAL_RCC_GetSysClockFreq::aPLLMULFactorTable
                         0x800'1718   0x10  Data  Lc  stm32f1xx_hal_rcc.o [1]
HAL_RCC_GetSysClockFreq::aPredivFactorTable
                         0x800'1728    0x2  Data  Lc  stm32f1xx_hal_rcc.o [1]
HAL_RCC_NMI_IRQHandler   0x800'16cb   0x14  Code  Gb  stm32f1xx_hal_rcc.o [1]
HAL_RCC_OscConfig        0x800'1249  0x30c  Code  Gb  stm32f1xx_hal_rcc.o [1]
HAL_SYSTICK_Config       0x800'17b1   0x28  Code  Gb  stm32f1xx_hal_cortex.o [1]
HAL_TIMEx_BreakCallback
                         0x800'1a23    0x2  Code  Wk  stm32f1xx_hal_tim_ex.o [1]
HAL_TIMEx_CommutCallback
                         0x800'1a27    0x2  Code  Wk  stm32f1xx_hal_tim_ex.o [1]
HAL_TIMEx_MasterConfigSynchronization
                         0x800'1195   0x3e  Code  Gb  stm32f1xx_hal_tim_ex.o [1]
HAL_TIM_Base_Init        0x800'0e31   0x1a  Code  Gb  stm32f1xx_hal_tim.o [1]
HAL_TIM_Base_MspInit     0x800'186b   0x5a  Code  Gb  stm32f1xx_hal_msp.o [1]
HAL_TIM_Base_Start       0x800'0e4b   0x1c  Code  Gb  stm32f1xx_hal_tim.o [1]
HAL_TIM_Base_Start_IT    0x800'0e71   0x20  Code  Gb  stm32f1xx_hal_tim.o [1]
HAL_TIM_ConfigClockSource
                         0x800'0ffd   0x90  Code  Gb  stm32f1xx_hal_tim.o [1]
HAL_TIM_IRQHandler       0x800'0eb5  0x142  Code  Gb  stm32f1xx_hal_tim.o [1]
HAL_UART_IRQHandler      0x800'0ba7  0x14e  Code  Gb  stm32f1xx_hal_uart.o [1]
HAL_UART_Init            0x800'0b25   0x1e  Code  Gb  stm32f1xx_hal_uart.o [1]
HAL_UART_MspInit         0x800'18c5   0x7e  Code  Gb  stm32f1xx_hal_msp.o [1]
HAL_UART_RxCpltCallback
                         0x800'0747    0x2  Code  Gb  main.o [1]
HardFault_Handler        0x800'1aa5    0x2  Code  Gb  stm32f1xx_it.o [1]
LCD_Clear                0x800'08d1    0x4  Code  Gb  lcd.o [1]
LCD_Command              0x800'07f3    0xa  Code  Gb  lcd.o [1]
LCD_Data                 0x800'07fd    0x8  Code  Gb  lcd.o [1]
LCD_SendChar             0x800'08d5    0x2  Code  Gb  lcd.o [1]
LCD_SetPos               0x800'08d9   0x26  Code  Gb  lcd.o [1]
LCD_String               0x800'08ff   0x22  Code  Gb  lcd.o [1]
LCD_WriteData            0x800'07a3   0x50  Code  Gb  lcd.o [1]
LCD_ini                  0x800'0849   0x70  Code  Gb  lcd.o [1]
MemManage_Handler        0x800'1aa7    0x2  Code  Gb  stm32f1xx_it.o [1]
NMI_Handler              0x800'1aa1    0x4  Code  Gb  stm32f1xx_it.o [1]
PendSV_Handler           0x800'1ab1    0x2  Code  Gb  stm32f1xx_it.o [1]
Region$$Table$$Base      0x800'1e70          --   Gb  - Linker created -
Region$$Table$$Limit     0x800'1e90          --   Gb  - Linker created -
SVC_Handler              0x800'1aad    0x2  Code  Gb  stm32f1xx_it.o [1]
SysTick_Handler          0x800'1ab3    0x4  Code  Gb  stm32f1xx_it.o [1]
SystemClock_Config       0x800'06e3   0x5a  Code  Gb  main.o [1]
SystemCoreClock         0x2000'0024    0x4  Data  Gb  system_stm32f1xx.o [1]
SystemInit               0x800'1db5   0x3c  Code  Gb  system_stm32f1xx.o [1]
TIM2_IRQHandler          0x800'1ab7   0x7c  Code  Gb  stm32f1xx_it.o [1]
TIM4_IRQHandler          0x800'1b33  0x1ea  Code  Gb  stm32f1xx_it.o [1]
TIM_Base_SetConfig       0x800'10b7   0x5e  Code  Gb  stm32f1xx_hal_tim.o [1]
TIM_ETR_SetConfig        0x800'117b   0x14  Code  Gb  stm32f1xx_hal_tim.o [1]
TIM_ITRx_SetConfig       0x800'116b   0x10  Code  Lc  stm32f1xx_hal_tim.o [1]
TIM_TI1_ConfigInputStage
                         0x800'1129   0x1e  Code  Lc  stm32f1xx_hal_tim.o [1]
TIM_TI2_ConfigInputStage
                         0x800'1147   0x24  Code  Lc  stm32f1xx_hal_tim.o [1]
UART_DMAAbortOnError     0x800'0d11    0xc  Code  Lc  stm32f1xx_hal_uart.o [1]
UART_EndRxTransfer       0x800'0cf5   0x1c  Code  Lc  stm32f1xx_hal_uart.o [1]
UART_Receive_IT          0x800'0d1d   0x92  Code  Lc  stm32f1xx_hal_uart.o [1]
UART_SetConfig           0x800'0daf   0x78  Code  Lc  stm32f1xx_hal_uart.o [1]
USART1_IRQHandler        0x800'1d6b    0x6  Code  Gb  stm32f1xx_it.o [1]
UsageFault_Handler       0x800'1aab    0x2  Code  Gb  stm32f1xx_it.o [1]
__NVIC_SetPriority       0x800'00ed   0x1e  Code  Lc  main.o [1]
__NVIC_SetPriority       0x800'172d   0x1a  Code  Lc  stm32f1xx_hal_cortex.o [1]
__aeabi_memset           0x800'1a39         Code  Gb  ABImemset.o [3]
__cmain                  0x800'1e91         Code  Gb  cmain.o [3]
__exit                   0x800'1ec5   0x14  Code  Gb  exit.o [4]
__iar_Memset             0x800'1a39         Code  Gb  ABImemset.o [3]
__iar_Memset_word        0x800'1a41         Code  Gb  ABImemset.o [3]
__iar_data_init3         0x800'1e49   0x28  Code  Gb  data_init.o [3]
__iar_packbits_init_single3
                         0x800'1e11   0x38  Code  Gb  packbits_init_single.o [3]
__iar_program_start      0x800'1ee9         Code  Gb  cstartup_M.o [3]
__iar_small_Memcpy       0x800'0925         Code  Gb  ABImemcpy_small.o [3]
__iar_small_memcpy       0x800'0921         Code  Gb  ABImemcpy_small.o [3]
__iar_small_memcpy4      0x800'0921         Code  Gb  ABImemcpy_small.o [3]
__iar_small_memcpy8      0x800'0921         Code  Gb  ABImemcpy_small.o [3]
__iar_zero_init3         0x800'11d3   0x3a  Code  Gb  zero_init3.o [3]
__low_level_init         0x800'1eaf    0x4  Code  Gb  low_level_init.o [2]
__vector_table           0x800'0000         Data  Gb  startup_stm32f103xb.o [1]
_call_main               0x800'1e9d         Code  Gb  cmain.o [3]
_exit                    0x800'1eb9         Code  Gb  cexit.o [3]
_main                    0x800'1eab         Code  Gb  cmain.o [3]
btnpressed              0x2000'0028    0x1  Data  Gb  main.o [1]
clear_flag              0x2000'002a    0x1  Data  Gb  main.o [1]
code_flag               0x2000'002b    0x1  Data  Gb  main.o [1]
delay                    0x800'07a1    0x2  Code  Gb  lcd.o [1]
digit_one                0x800'010b   0x86  Code  Gb  main.o [1]
digit_one_h             0x2000'002c    0x1  Data  Gb  main.o [1]
digit_one_m             0x2000'002e    0x1  Data  Gb  main.o [1]
digit_one_pass          0x2000'0030    0x1  Data  Gb  main.o [1]
digit_one_rel_delay_h   0x2000'003b    0x1  Data  Gb  main.o [1]
digit_one_rel_delay_m   0x2000'003c    0x1  Data  Gb  main.o [1]
digit_one_rel_h         0x2000'0033    0x1  Data  Gb  main.o [1]
digit_one_rel_m         0x2000'0034    0x1  Data  Gb  main.o [1]
digit_one_rel_two_h     0x2000'0037    0x1  Data  Gb  main.o [1]
digit_one_rel_two_m     0x2000'0038    0x1  Data  Gb  main.o [1]
digit_three              0x800'022b   0x16  Code  Gb  main.o [1]
digit_three_pass        0x2000'0032    0x1  Data  Gb  main.o [1]
digit_two                0x800'0191   0x82  Code  Gb  main.o [1]
digit_two_h             0x2000'002d    0x1  Data  Gb  main.o [1]
digit_two_m             0x2000'002f    0x1  Data  Gb  main.o [1]
digit_two_pass          0x2000'0031    0x1  Data  Gb  main.o [1]
digit_two_rel_delay_h   0x2000'003d    0x1  Data  Gb  main.o [1]
digit_two_rel_delay_m   0x2000'003e    0x1  Data  Gb  main.o [1]
digit_two_rel_h         0x2000'0035    0x1  Data  Gb  main.o [1]
digit_two_rel_m         0x2000'0036    0x1  Data  Gb  main.o [1]
digit_two_rel_two_h     0x2000'0039    0x1  Data  Gb  main.o [1]
digit_two_rel_two_m     0x2000'003a    0x1  Data  Gb  main.o [1]
display                  0x800'0425   0x1c  Code  Gb  main.o [1]
exit                     0x800'1eb3    0x4  Code  Gb  exit.o [2]
flag                    0x2000'000c    0x1  Data  Gb  stm32f1xx_it.o [1]
hour                    0x2000'000d    0x1  Data  Gb  stm32f1xx_it.o [1]
hour_rel                0x2000'000f    0x1  Data  Gb  stm32f1xx_it.o [1]
hour_rel_delay          0x2000'0012    0x1  Data  Gb  stm32f1xx_it.o [1]
hour_rel_delay_math     0x2000'0018    0x4  Data  Gb  stm32f1xx_it.o [1]
hour_rel_two            0x2000'0010    0x1  Data  Gb  stm32f1xx_it.o [1]
htim2                   0x2000'0084   0x40  Data  Gb  main.o [1]
htim4                   0x2000'00c4   0x40  Data  Gb  main.o [1]
huart1                  0x2000'0044   0x40  Data  Gb  main.o [1]
main                     0x800'0441  0x224  Code  Gb  main.o [1]
memset                   0x800'1235   0x14  Code  Gb  memset.o [3]
menu                    0x2000'0029    0x1  Data  Gb  main.o [1]
minute                  0x2000'000e    0x1  Data  Gb  stm32f1xx_it.o [1]
minute_rel              0x2000'0104    0x1  Data  Gb  stm32f1xx_it.o [1]
minute_rel_delay        0x2000'0013    0x1  Data  Gb  stm32f1xx_it.o [1]
minute_rel_delay_math   0x2000'001c    0x4  Data  Gb  stm32f1xx_it.o [1]
minute_rel_two          0x2000'0011    0x1  Data  Gb  stm32f1xx_it.o [1]
modecheck                0x800'0241  0x1d0  Code  Gb  main.o [1]
pass                    0x2000'0040    0x2  Data  Gb  main.o [1]
second                  0x2000'0020    0x4  Data  Gb  stm32f1xx_it.o [1]
second_time_flag        0x2000'0014    0x1  Data  Gb  stm32f1xx_it.o [1]
uwTick                  0x2000'0004    0x4  Data  Gb  stm32f1xx_hal.o [1]
uwTickFreq              0x2000'0000    0x1  Data  Gb  stm32f1xx_hal.o [1]
uwTickPrio              0x2000'0008    0x4  Data  Gb  stm32f1xx_hal.o [1]


[1] = C:\Users\CanchezAK\Documents\IAR Embedded Workbench\Home Control\EWARM\Home Control\Obj
[2] = dl7M_tln.a
[3] = rt7M_tl.a
[4] = shb_l.a

  8'052 bytes of readonly  code memory
     60 bytes of readonly  data memory
  1'283 bytes of readwrite data memory

Errors: none
Warnings: none
