stm32f1xx_it.c:91:6:NMI_Handler	8	static
stm32f1xx_it.c:105:6:HardFault_Handler	4	static
stm32f1xx_it.c:120:6:MemManage_Handler	4	static
stm32f1xx_it.c:135:6:BusFault_Handler	4	static
stm32f1xx_it.c:150:6:UsageFault_Handler	4	static
stm32f1xx_it.c:165:6:SVC_Handler	4	static
stm32f1xx_it.c:178:6:DebugMon_Handler	4	static
stm32f1xx_it.c:191:6:PendSV_Handler	4	static
stm32f1xx_it.c:204:6:SysTick_Handler	8	static
stm32f1xx_it.c:225:6:TIM2_IRQHandler	8	static
stm32f1xx_it.c:269:6:TIM4_IRQHandler	8	static
stm32f1xx_it.c:422:6:USART1_IRQHandler	8	static
